earer
